#
# There is insufficient memory for the Java Runtime Environment to continue.
# Native memory allocation (mmap) failed to map 134217728 bytes. Error detail: G1 virtual space
# Possible reasons:
#   The system is out of physical RAM or swap space
#   This process is running with CompressedOops enabled, and the Java Heap may be blocking the growth of the native heap
# Possible solutions:
#   Reduce memory load on the system
#   Increase physical memory or swap space
#   Check if swap backing store is full
#   Decrease Java heap size (-Xmx/-Xms)
#   Decrease number of Java threads
#   Decrease Java thread stack sizes (-Xss)
#   Set larger code cache with -XX:ReservedCodeCacheSize=
#   JVM is running with Unscaled Compressed Oops mode in which the Java heap is
#     placed in the first 4GB address space. The Java Heap base address is the
#     maximum limit for the native heap growth. Please use -XX:HeapBaseMinAddress
#     to set the Java Heap base and to place the Java Heap above 4GB virtual address.
# This output file may be truncated or incomplete.
#
#  Out of Memory Error (os_windows.cpp:3554), pid=12004, tid=10544
#
# JRE version:  (25.0.2+10) (build )
# Java VM: Java HotSpot(TM) 64-Bit Server VM (25.0.2+10-LTS-69, mixed mode, sharing, tiered, compressed oops, compressed class ptrs, g1 gc, windows-amd64)
# No core dump will be written. Minidumps are not enabled by default on client versions of Windows
#

---------------  S U M M A R Y ------------

Command Line: --enable-native-access=ALL-UNNAMED 

Host: Intel(R) Core(TM) i7-4600U CPU @ 2.10GHz, 4 cores, 7G,  Windows 10 , 64 bit Build 19041 (10.0.19041.5915)
Time: Mon Apr 20 21:09:34 2026 Hora est. Pacífico, Sudamérica elapsed time: 0.048070 seconds (0d 0h 0m 0s)

---------------  T H R E A D  ---------------

Current thread (0x0000026c13e0c960):  JavaThread "Unknown thread" [_thread_in_vm, id=10544, stack(0x00000082af000000,0x00000082af100000) (1024K)]

Stack: [0x00000082af000000,0x00000082af100000]
Native frames: (J=compiled Java code, j=interpreted, Vv=VM code, C=native code)
V  [jvm.dll+0x7a70f9]  (no source info available)
V  [jvm.dll+0x772d6d]  (no source info available)
V  [jvm.dll+0x965d53]  (no source info available)
V  [jvm.dll+0x968351]  (no source info available)
V  [jvm.dll+0x968a63]  (no source info available)
V  [jvm.dll+0x2fc846]  (no source info available)
V  [jvm.dll+0x7a3325]  (no source info available)
V  [jvm.dll+0x796737]  (no source info available)
V  [jvm.dll+0x3f4988]  (no source info available)
V  [jvm.dll+0x3fc8d6]  (no source info available)
V  [jvm.dll+0x3e8f7e]  (no source info available)
V  [jvm.dll+0x3e9238]  (no source info available)
V  [jvm.dll+0x3c0145]  (no source info available)
V  [jvm.dll+0x3c0dce]  (no source info available)
V  [jvm.dll+0x92cdf7]  (no source info available)
V  [jvm.dll+0x458f02]  (no source info available)
V  [jvm.dll+0x9107a2]  (no source info available)
V  [jvm.dll+0x4f9331]  (no source info available)
V  [jvm.dll+0x4fabc1]  (no source info available)
C  [jli.dll+0x543e]  (no source info available)
C  [ucrtbase.dll+0x21bb2]  (no source info available)
C  [KERNEL32.DLL+0x17374]  (no source info available)
C  [ntdll.dll+0x4cc91]  (no source info available)

Lock stack of current Java thread (top to bottom):


---------------  P R O C E S S  ---------------

Threads class SMR info:
_java_thread_list=0x00007ffc7e795388, length=0, elements={
}

Java Threads: ( => current thread )
Total: 0

Other Threads:
  0x0000026c16027d70 WorkerThread "GC Thread#0"                     [id=6860, stack(0x00000082af100000,0x00000082af200000) (1024K)]
  0x0000026c160408a0 ConcurrentGCThread "G1 Main Marker"            [id=1816, stack(0x00000082af200000,0x00000082af300000) (1024K)]
  0x0000026c160429d0 WorkerThread "G1 Conc#0"                       [id=13356, stack(0x00000082af300000,0x00000082af400000) (1024K)]

[error occurred during error reporting (printing all threads), id 0xc0000005, EXCEPTION_ACCESS_VIOLATION (0xc0000005) at pc=0x00007ffc7de74f1a]
VM state: not at safepoint (not fully initialized)

VM Mutex/Monitor currently owned by a thread:  ([mutex/lock_event])
[0x00007ffc7e819768] Heap_lock - owner thread: 0x0000026c13e0c960

Heap address: 0x0000000081e00000, size: 2018 MB, Compressed Oops mode: 32-bit

CDS archive(s) mapped at: [0x0000000000000000-0x0000000000000000-0x0000000000000000), size 0, SharedBaseAddress: 0x0000000800000000, ArchiveRelocationMode: 1.
UseCompressedClassPointers 1, UseCompactObjectHeaders 0
Narrow klass pointer bits 32, Max shift 3
Narrow klass base: 0xffffffffffffffff, Narrow klass shift: -1
Encoding Range: [0xffffffffffffffff - 0x000000007fffffff), (2147483648 bytes)
Klass Range:    [0x0000000000000000 - 0x0000000000000000), (0 bytes)
Klass ID Range:  [4294967295 - 0) (1)
No protection zone.

GC Precious Log:
 CardTable entry size: 512
 Card Set container configuration: InlinePtr #cards 5 size 8 Array Of Cards #cards 10 size 36 Howl #buckets 4 coarsen threshold 1843 Howl Bitmap #cards 512 size 80 coarsen threshold 460 Card regions per heap region 1 cards per card region 2048

Heap:
 garbage-first heap   total reserved 2066432K, committed 0K, used 0K [0x0000000081e00000, 0x0000000100000000)
  region size 1024K, 0 young (0K), 0 survivors (0K)

Heap Regions: E=young(eden), S=young(survivor), O=old, HS=humongous(starts), HC=humongous(continues), CS=collection set, F=free, TAMS=top-at-mark-start, PB=parsable bottom

Card table byte_map: [0x0000026c2dc70000,0x0000026c2e070000] _byte_map_base: 0x0000026c2d861000

Marking Bits: (CMBitMap*) 0x0000026c16028500
 Bits: [0x0000026c2e070000, 0x0000026c2fff8000)

GC Heap Usage History (0 events):
No events

Metaspace Usage History (0 events):
No events

Dll operation events (1 events):
Event: 0.036 Loaded shared library C:\Program Files\Java\jdk-25.0.2\bin\java.dll

Deoptimization events (0 events):
No events

Classes loaded (0 events):
No events

Classes unloaded (0 events):
No events

Classes redefined (0 events):
No events

Internal exceptions (0 events):
No events

VM Operations (0 events):
No events

Memory protections (0 events):
No events

Nmethod flushes (0 events):
No events

Events (0 events):
No events


Dynamic libraries:
0x00007ff6b9a70000 - 0x00007ff6b9a80000 	C:\Program Files\Java\jdk-25.0.2\bin\java.exe
0x00007ffcf1410000 - 0x00007ffcf1608000 	C:\Windows\SYSTEM32\ntdll.dll
0x00007ffcf0e20000 - 0x00007ffcf0ee2000 	C:\Windows\System32\KERNEL32.DLL
0x00007ffceeaa0000 - 0x00007ffceed96000 	C:\Windows\System32\KERNELBASE.dll
0x00007ffceef00000 - 0x00007ffcef000000 	C:\Windows\System32\ucrtbase.dll
0x00007ffce90f0000 - 0x00007ffce9107000 	C:\Program Files\Java\jdk-25.0.2\bin\jli.dll
0x00007ffcf02b0000 - 0x00007ffcf0451000 	C:\Windows\System32\USER32.dll
0x00007ffcef2b0000 - 0x00007ffcef2d2000 	C:\Windows\System32\win32u.dll
0x00007ffcf0040000 - 0x00007ffcf006b000 	C:\Windows\System32\GDI32.dll
0x00007ffcef000000 - 0x00007ffcef119000 	C:\Windows\System32\gdi32full.dll
0x00007ffcef2e0000 - 0x00007ffcef37d000 	C:\Windows\System32\msvcp_win.dll
0x00007ffcd4e90000 - 0x00007ffcd4eae000 	C:\Program Files\Java\jdk-25.0.2\bin\VCRUNTIME140.dll
0x00007ffcd8aa0000 - 0x00007ffcd8d3b000 	C:\Windows\WinSxS\amd64_microsoft.windows.common-controls_6595b64144ccf1df_6.0.19041.6456_none_60b8a6cb71f64256\COMCTL32.dll
0x00007ffcef810000 - 0x00007ffcef8ae000 	C:\Windows\System32\msvcrt.dll
0x00007ffcefdb0000 - 0x00007ffcefddf000 	C:\Windows\System32\IMM32.DLL
0x00007ffceaa40000 - 0x00007ffceaa4c000 	C:\Program Files\Java\jdk-25.0.2\bin\vcruntime140_1.dll
0x00007ffccb570000 - 0x00007ffccb5fd000 	C:\Program Files\Java\jdk-25.0.2\bin\msvcp140.dll
0x00007ffc7daa0000 - 0x00007ffc7e8ff000 	C:\Program Files\Java\jdk-25.0.2\bin\server\jvm.dll
0x00007ffcf0070000 - 0x00007ffcf0121000 	C:\Windows\System32\ADVAPI32.dll
0x00007ffcf0d80000 - 0x00007ffcf0e1f000 	C:\Windows\System32\sechost.dll
0x00007ffcf0130000 - 0x00007ffcf0250000 	C:\Windows\System32\RPCRT4.dll
0x00007ffcef400000 - 0x00007ffcef427000 	C:\Windows\System32\bcrypt.dll
0x00007ffceffd0000 - 0x00007ffcf003b000 	C:\Windows\System32\WS2_32.dll
0x00007ffcedfe0000 - 0x00007ffcee02b000 	C:\Windows\SYSTEM32\POWRPROF.dll
0x00007ffcda1a0000 - 0x00007ffcda1c7000 	C:\Windows\SYSTEM32\WINMM.dll
0x00007ffcdbc00000 - 0x00007ffcdbc0a000 	C:\Windows\SYSTEM32\VERSION.dll
0x00007ffcedea0000 - 0x00007ffcedeb2000 	C:\Windows\SYSTEM32\UMPDC.dll
0x00007ffcec910000 - 0x00007ffcec922000 	C:\Windows\SYSTEM32\kernel.appcore.dll
0x00007ffcd6dc0000 - 0x00007ffcd6dca000 	C:\Program Files\Java\jdk-25.0.2\bin\jimage.dll
0x00007ffcdaf70000 - 0x00007ffcdb171000 	C:\Windows\SYSTEM32\DBGHELP.DLL
0x00007ffcd9bb0000 - 0x00007ffcd9be4000 	C:\Windows\SYSTEM32\dbgcore.DLL
0x00007ffcef120000 - 0x00007ffcef1a2000 	C:\Windows\System32\bcryptPrimitives.dll
0x00007ffcd00b0000 - 0x00007ffcd00cf000 	C:\Program Files\Java\jdk-25.0.2\bin\java.dll
0x00007ffcef440000 - 0x00007ffcef56b000 	C:\Windows\System32\ole32.dll
0x00007ffcef9d0000 - 0x00007ffcefd24000 	C:\Windows\System32\combase.dll
0x00007ffcf0460000 - 0x00007ffcf0bd0000 	C:\Windows\System32\SHELL32.dll

JVMTI agents: none

dbghelp: loaded successfully - version: 4.0.5 - missing functions: none
symbol engine: initialized successfully - sym options: 0x614 - pdb path: .;C:\Program Files\Java\jdk-25.0.2\bin;C:\Windows\SYSTEM32;C:\Windows\WinSxS\amd64_microsoft.windows.common-controls_6595b64144ccf1df_6.0.19041.6456_none_60b8a6cb71f64256;C:\Program Files\Java\jdk-25.0.2\bin\server

VM Arguments:
jvm_args: --enable-native-access=ALL-UNNAMED 
java_command: <unknown>
java_class_path (initial): <not set>
Launcher Type: SUN_STANDARD

[Global flags]
     intx CICompilerCount                          = 3                                         {product} {ergonomic}
     uint ConcGCThreads                            = 1                                         {product} {ergonomic}
     uint G1ConcRefinementThreads                  = 4                                         {product} {ergonomic}
   size_t G1HeapRegionSize                         = 1048576                                   {product} {ergonomic}
   size_t InitialHeapSize                          = 134217728                                 {product} {ergonomic}
   size_t MarkStackSize                            = 4194304                                   {product} {ergonomic}
   size_t MarkStackSizeMax                         = 536870912                                 {product} {ergonomic}
   size_t MaxHeapSize                              = 2116026368                                {product} {ergonomic}
   size_t MinHeapDeltaBytes                        = 1048576                                   {product} {ergonomic}
   size_t MinHeapSize                              = 8388608                                   {product} {ergonomic}
    uintx NonNMethodCodeHeapSize                   = 5832704                                {pd product} {ergonomic}
    uintx NonProfiledCodeHeapSize                  = 122945536                              {pd product} {ergonomic}
    uintx ProfiledCodeHeapSize                     = 122880000                              {pd product} {ergonomic}
    uintx ReservedCodeCacheSize                    = 251658240                              {pd product} {ergonomic}
     bool SegmentedCodeCache                       = true                                      {product} {ergonomic}
   size_t SoftMaxHeapSize                          = 2116026368                             {manageable} {ergonomic}
     bool UseCompressedOops                        = true                           {product lp64_product} {ergonomic}
     bool UseG1GC                                  = true                                      {product} {ergonomic}
     bool UseLargePagesIndividualAllocation        = false                                  {pd product} {ergonomic}

Logging:
Log output configuration:
 #0: stdout all=warning uptime,level,tags foldmultilines=false
 #1: stderr all=off uptime,level,tags foldmultilines=false

Release file:
<release file has not been read>
Environment Variables:
JAVA_HOME=C:\Program Files\Java\jdk-25.0.2
PATH=C:\Program Files (x86)\Intel\Intel(R) Management Engine Components\iCLS\;C:\Program Files\Intel\Intel(R) Management Engine Components\iCLS\;C:\Program Files\Common Files\Oracle\Java\javapath;C:\Program Files (x86)\Common Files\Oracle\Java\java8path;C:\Program Files (x86)\Common Files\Oracle\Java\javapath;C:\Windows\system32;C:\Windows;C:\Windows\System32\Wbem;C:\Windows\System32\WindowsPowerShell\v1.0\;C:\Windows\System32\OpenSSH\;C:\Program Files\Intel\WiFi\bin\;C:\Program Files\Common Files\Intel\WirelessCommon\;C:\Program Files\dotnet\;C:\Program Files (x86)\Intel\Intel(R) Management Engine Components\DAL;C:\Program Files\Intel\Intel(R) Management Engine Components\DAL;C:\Program Files (x86)\Intel\Intel(R) Management Engine Components\IPT;C:\Program Files\Intel\Intel(R) Management Engine Components\IPT;C:\Program Files\Git\cmd;C:\Ruby40-x64\bin;C:\Program Files\MySQL\MySQL Shell 9.6\bin\;C:\Users\Nemesis\AppData\Local\Microsoft\WindowsApps;C:\Program Files\Intel\WiFi\bin\;C:\Program Files\Common Files\Intel\WirelessCommon\;C:\Users\Nemesis\AppData\Local\Programs\Microsoft VS Code\bin;C:\Users\Nemesis\AppData\Local\GitHubDesktop\bin;C:\Users\Nemesis\Downloads\netbeans-29-bin\netbeans\bin\
USERNAME=Nemesis
OS=Windows_NT
PROCESSOR_IDENTIFIER=Intel64 Family 6 Model 69 Stepping 1, GenuineIntel
TMP=C:\Users\Nemesis\AppData\Local\Temp
TEMP=C:\Users\Nemesis\AppData\Local\Temp




Compilation memory statistics disabled.

Periodic native trim disabled

---------------  S Y S T E M  ---------------

OS:
 Windows 10 , 64 bit Build 19041 (10.0.19041.5915)
OS uptime: 0 days 8:50 hours

CPU: total 4 (initial active 4) (2 cores per cpu, 2 threads per core) family 6 model 69 stepping 1 microcode 0x26, cx8, cmov, fxsr, ht, mmx, sse, sse2, sse3, ssse3, sse4.1, sse4.2, popcnt, lzcnt, tsc, tscinvbit, avx, avx2, aes, erms, clmul, bmi1, bmi2, fma, vzeroupper, clflush, rdtscp, f16c
Processor Information for the first 4 processors :
  Max Mhz: 2701, Current Mhz: 2100, Mhz Limit: 2079

Memory: 4k page, system-wide physical 8071M (1114M free)
TotalPageFile size 10119M (AvailPageFile size 43M)
current process WorkingSet (physical memory assigned to process): 11M, peak: 11M
current process commit charge ("private bytes"): 52M, peak: 180M

vm_info: Java HotSpot(TM) 64-Bit Server VM (25.0.2+10-LTS-69) for windows-amd64 JRE (25.0.2+10-LTS-69), built on 2025-12-18T11:36:35Z with MS VC++ 17.13 (VS2022)

END.
